
Time: 10:02:33 am
CPU: AMD Ryzen 3 3250U with Radeon Graphics         
Memory: 6030.26 MB
Platform: win32
------------------------

Time: 10:02:38 am
CPU: AMD Ryzen 3 3250U with Radeon Graphics         
Memory: 6030.26 MB
Platform: win32
------------------------

Time: 10:02:43 am
CPU: AMD Ryzen 3 3250U with Radeon Graphics         
Memory: 6030.26 MB
Platform: win32
------------------------

Time: 10:02:48 am
CPU: AMD Ryzen 3 3250U with Radeon Graphics         
Memory: 6030.26 MB
Platform: win32
------------------------

Time: 10:02:53 am
CPU: AMD Ryzen 3 3250U with Radeon Graphics         
Memory: 6030.26 MB
Platform: win32
------------------------

Time: 10:02:58 am
CPU: AMD Ryzen 3 3250U with Radeon Graphics         
Memory: 6030.26 MB
Platform: win32
------------------------

Time: 10:03:03 am
CPU: AMD Ryzen 3 3250U with Radeon Graphics         
Memory: 6030.26 MB
Platform: win32
------------------------
